  PATH                                  
  10 entries                            
                                        