  Showing 1-10 of 50                              